// Jest Snapshot v1, https://goo.gl/fbAQLP

exports[`ci-reporter Circle CI creates the correct comment 1`] = `
"### The build is failing

âœ¨ Good work on this PR so far! âœ¨ Unfortunately, the [Circle CI build](https://circleci.com/gh/JasonEtco/todo/5?utm_campaign&#x3D;vcs-integration-link&amp;utm_medium&#x3D;referral&amp;utm_source&#x3D;github-build-link) is failing. Here's the output:

##### \`npm test\`

\`\`\`
> todo@1.0.0 test /home/circleci/repo
> jest && codecov && standard

[0m[7m[1m[32m PASS [39m[22m[27m[0m [2m__tests__/lib/[22m[1mmetadata.js[22m
[0m[7m[1m[32m PASS [39m[22m[27m[0m [2m__tests__/lib/[22m[1mgenerate-blob-link.js[22m
[0m[7m[1m[32m PASS [39m[22m[27m[0m [2m__tests__/lib/[22m[1mreopen-closed.js[22m
[0m[7m[1m[32m PASS [39m[22m[27m[0m [2m__tests__/lib/[22m[1mcommit-is-in-pr.js[22m
[0m[7m[1m[32m PASS [39m[22m[27m[0m [2m__tests__/lib/[22m[1mgenerate-label.js[22m
[0m[7m[1m[32m PASS [39m[22m[27m[0m [2m__tests__/lib/[22m[1mgenerate-body.js[22m
[0m[7m[1m[32m PASS [39m[22m[27m[0m [2m__tests__/[22m[1mlanguages.js[22m
[0m[7m[1m[32m PASS [39m[22m[27m[0m [2m__tests__/[22m[1minstallation.js[22m
[0m[7m[1m[32m PASS [39m[22m[27m[0m [2m__tests__/[22m[1mpr-comments.js[22m
[0m[7m[1m[32m PASS [39m[22m[27m[0m [2m__tests__/[22m[1mmerge-handler.js[22m
[0m[7m[1m[32m PASS [39m[22m[27m[0m [2m__tests__/[22m[1mopen-issues.js[22m
[999D[K
[1mTest Suites: [22m[1m[32m11 passed[39m[22m, 11 total
[1mTests:       [22m[1m[32m70 passed[39m[22m, 70 total
[1mSnapshots:   [22m0 total
[1mTime:[22m        4.335s
[2mRan all test suites[22m[2m.[22m
--------------------------------|----------|----------|----------|----------|----------------|
File                            |  % Stmts | % Branch |  % Funcs |  % Lines |Uncovered Lines |
--------------------------------|----------|----------|----------|----------|----------------|
All files                       |      100 |      100 |      100 |      100 |                |
 repo                           |      100 |      100 |      100 |      100 |                |
  index.js                      |      100 |      100 |      100 |      100 |                |
 repo/lib                       |      100 |      100 |      100 |      100 |                |
  check-for-duplicate-issue.js  |      100 |      100 |      100 |      100 |                |
  commit-is-in-pr.js            |      100 |      100 |      100 |      100 |                |
  default-config.js             |      100 |      100 |      100 |      100 |                |
  generate-blob-link.js         |      100 |      100 |      100 |      100 |                |
  generate-body.js              |      100 |      100 |      100 |      100 |                |
  generate-label.js             |      100 |      100 |      100 |      100 |                |
  get-file-contents.js          |      100 |      100 |      100 |      100 |                |
  helpers.js                    |      100 |      100 |      100 |      100 |                |
  merge-handler.js              |      100 |      100 |      100 |      100 |                |
  metadata.js                   |      100 |      100 |      100 |      100 |                |
  open-issues.js                |      100 |      100 |      100 |      100 |                |
  organize-commits.js           |      100 |      100 |      100 |      100 |                |
  reopen-closed.js              |      100 |      100 |      100 |      100 |                |
  search-contents-for-titles.js |      100 |      100 |      100 |      100 |                |
--------------------------------|----------|----------|----------|----------|----------------|
  _____          _  
 / ____|        | |  
| |     ___   __| | ___  ___ _____   __  
| |    / _ \\\\ / _\` |/ _ \\\\/ __/ _ \\\\ \\\\ / /  
| |___| (_) | (_| |  __/ (_| (_) \\\\ V /  
 \\\\_____\\\\___/ \\\\__,_|\\\\___|\\\\___\\\\___/ \\\\_/  
                                v2.3.0
==> Detecting CI Provider
    Circle CI Detected
==> Configuration: 
    Endpoint: https://codecov.io
{ service: 'circleci',
  build: '4.0',
  job: '4.0',
  commit: '36eeffbb45a75f1ac2ef3c8b491b5a1d9b4afefa',
  branch: 'cleanup',
  pr: undefined,
  slug: 'JasonEtco/todo',
  package: 'node-v2.3.0' }
==> Building file structure
==> Generating gcov reports (skip via --disable=gcov)
    $ find /home/circleci/repo -type f -name '*.gcno'  -exec gcov  {} +
==> Scanning for reports
    + /home/circleci/repo/coverage/clover.xml
    + /home/circleci/repo/coverage/lcov.info
==> Uploading reports
    Success!
    View report at: https://codecov.io/github/JasonEtco/todo/commit/36eeffbb45a75f1ac2ef3c8b491b5a1d9b4afefa
standard: Use JavaScript Standard Style (https://standardjs.com)
standard: Run \`standard --fix\` to automatically fix some problems.
  /home/circleci/repo/lib/search-contents-for-titles.js:15:2: Newline required at end of file but not found.
\`\`\`

I'm sure you can fix it! If you need help, don't hesitate to ask a maintainer of the project!

---

###### This comment was automagically generated by [ci-reporter](https://github.com/apps/ci-reporter). If you see a problem, open [an issue here](https://github.com/jasonetco/ci-reporter)."
`;

exports[`ci-reporter Travis CI creates the correct comment 1`] = `
"### The build is failing

âœ¨ Good work on this PR so far! âœ¨ Unfortunately, the [Travis CI build](https://travis-ci.org/JasonEtco/public-test/builds/123?utm_source&#x3D;github_status&amp;utm_medium&#x3D;notification) is failing. Here's the output:

##### \`npm test\`

\`\`\`
> public-test@1.0.0 test /home/travis/build/JasonEtco/public-test
> echo \\"Error: no test specified\\" && exit 1

Error: no test specified
\`\`\`

I'm sure you can fix it! If you need help, don't hesitate to ask a maintainer of the project!

---

###### This comment was automagically generated by [ci-reporter](https://github.com/apps/ci-reporter). If you see a problem, open [an issue here](https://github.com/jasonetco/ci-reporter)."
`;
